{
	"tables": [
		{
			"key": "bar_qux",
			"schema": "",
			"name": "bar_qux",
			"columns": [
				{
					"name": "id",
					"db_type": "int",
					"default": "AUTO_INCREMENT",
					"comment": "",
					"nullable": false,
					"generated": false,
					"autoincr": true,
					"domain_name": "",
					"type": "int32"
				},
				{
					"name": "secret_col",
					"db_type": "varchar",
					"default": "",
					"comment": "",
					"nullable": false,
					"generated": false,
					"autoincr": false,
					"domain_name": "",
					"type": "string"
				}
			],
			"indexes": [
				{
					"name": "PRIMARY",
					"columns": [
						"id"
					],
					"expressions": null
				}
			],
			"constraints": {
				"primary": {
					"name": "PRIMARY",
					"columns": [
						"id"
					]
				},
				"foreign": null,
				"uniques": null
			}
		},
		{
			"key": "foo_qux",
			"schema": "",
			"name": "foo_qux",
			"columns": [
				{
					"name": "id",
					"db_type": "int",
					"default": "AUTO_INCREMENT",
					"comment": "",
					"nullable": false,
					"generated": false,
					"autoincr": true,
					"domain_name": "",
					"type": "int32"
				},
				{
					"name": "secret_col",
					"db_type": "varchar",
					"default": "",
					"comment": "",
					"nullable": false,
					"generated": false,
					"autoincr": false,
					"domain_name": "",
					"type": "string"
				}
			],
			"indexes": [
				{
					"name": "PRIMARY",
					"columns": [
						"id"
					],
					"expressions": null
				}
			],
			"constraints": {
				"primary": {
					"name": "PRIMARY",
					"columns": [
						"id"
					]
				},
				"foreign": null,
				"uniques": null
			}
		}
	],
	"enums": null,
	"extra_info": null,
	"driver_name": "github.com/go-sql-driver/mysql"
}