{
	"tables": [
		{
			"key": "bar_baz",
			"schema": "",
			"name": "bar_baz",
			"columns": [
				{
					"name": "id",
					"db_type": "integer",
					"default": "nextval('bar_baz_id_seq'::regclass)",
					"comment": "",
					"nullable": false,
					"generated": false,
					"autoincr": false,
					"domain_name": "",
					"type": "int32"
				},
				{
					"name": "secret_col",
					"db_type": "character varying",
					"default": "",
					"comment": "",
					"nullable": false,
					"generated": false,
					"autoincr": false,
					"domain_name": "",
					"type": "string"
				}
			],
			"indexes": [
				{
					"name": "bar_baz_pkey",
					"columns": [
						"id"
					],
					"expressions": null
				}
			],
			"constraints": {
				"primary": {
					"name": "bar_baz_pkey",
					"columns": [
						"id"
					]
				},
				"foreign": null,
				"uniques": null
			}
		},
		{
			"key": "bar_qux",
			"schema": "",
			"name": "bar_qux",
			"columns": [
				{
					"name": "id",
					"db_type": "integer",
					"default": "nextval('bar_qux_id_seq'::regclass)",
					"comment": "",
					"nullable": false,
					"generated": false,
					"autoincr": false,
					"domain_name": "",
					"type": "int32"
				},
				{
					"name": "secret_col",
					"db_type": "character varying",
					"default": "",
					"comment": "",
					"nullable": false,
					"generated": false,
					"autoincr": false,
					"domain_name": "",
					"type": "string"
				}
			],
			"indexes": [
				{
					"name": "bar_qux_pkey",
					"columns": [
						"id"
					],
					"expressions": null
				}
			],
			"constraints": {
				"primary": {
					"name": "bar_qux_pkey",
					"columns": [
						"id"
					]
				},
				"foreign": null,
				"uniques": null
			}
		}
	],
	"enums": [
		{
			"Type": "UnicodeEnum",
			"Values": [
				"hello",
				"привет",
				"こんにちは",
				"안녕하세요",
				"hello_with_underscore"
			]
		}
	],
	"extra_info": null,
	"driver_name": "github.com/lib/pq"
}